ASxxxx Assembler V02.00 + NoICE + SDCC mods  (Zilog Z80 / Hitachi HD64180 / ZX-Next / eZ80), page 1.
Hexadecimal [16-Bits]



                              1 ;--------------------------------------------------------------------------
                              2 ;  crt0.s - Generic crt0.s for a Z80
                              3 ;
                              4 ;  Copyright (C) 2000, Michael Hope
                              5 ;
                              6 ;  This library is free software; you can redistribute it and/or modify it
                              7 ;  under the terms of the GNU General Public License as published by the
                              8 ;  Free Software Foundation; either version 2, or (at your option) any
                              9 ;  later version.
                             10 ;
                             11 ;  This library is distributed in the hope that it will be useful,
                             12 ;  but WITHOUT ANY WARRANTY; without even the implied warranty of
                             13 ;  MERCHANTABILITY or FITNESS FOR A PARTICULAR PURPOSE. See the
                             14 ;  GNU General Public License for more details.
                             15 ;
                             16 ;  You should have received a copy of the GNU General Public License 
                             17 ;  along with this library; see the file COPYING. If not, write to the
                             18 ;  Free Software Foundation, 51 Franklin Street, Fifth Floor, Boston,
                             19 ;   MA 02110-1301, USA.
                             20 ;
                             21 ;  As a special exception, if you link this library with other files,
                             22 ;  some of which are compiled with SDCC, to produce an executable,
                             23 ;  this library does not by itself cause the resulting executable to
                             24 ;  be covered by the GNU General Public License. This exception does
                             25 ;  not however invalidate any other reasons why the executable file
                             26 ;   might be covered by the GNU General Public License.
                             27 ;--------------------------------------------------------------------------
                             28 
                             29 	.module crt0
                             30 	.globl	_main
                             31 	.globl    s__DATA
                             32 	.globl    l__DATA
                             33 	.globl    l__INITIALIZER
                             34     .globl    s__INITIALIZER
                             35     .globl    s__INITIALIZED
                             36     .globl  _nmi_handler
                             37 
                             38 	.area	_HEADER (ABS)
                             39 	;; Reset vector
   0000                      40 	.org 	0
   0000 C3 00 01      [10]   41 	jp	init
                             42 
   0008                      43 	.org	0x08
   0008 ED 4D         [14]   44 	reti
   0010                      45 	.org	0x10
   0010 ED 4D         [14]   46 	reti
   0018                      47 	.org	0x18
   0018 ED 4D         [14]   48 	reti
   0020                      49 	.org	0x20
   0020 ED 4D         [14]   50 	reti
   0028                      51 	.org	0x28
   0028 ED 4D         [14]   52 	reti
   0030                      53 	.org	0x30
   0030 ED 4D         [14]   54 	reti
   0038                      55 	.org	0x38
ASxxxx Assembler V02.00 + NoICE + SDCC mods  (Zilog Z80 / Hitachi HD64180 / ZX-Next / eZ80), page 2.
Hexadecimal [16-Bits]



   0038 ED 4D         [14]   56 	reti
                             57 
                             58 	; NMI handler
   0066                      59 	.org	0x66
   0066 C3 00 00      [10]   60 	jp		_nmi_handler	
                             61 
   0100                      62 	.org	0x100
                             63 
   0100                      64 init:
                             65 
                             66 
                             67 	; Small delay.  Not sure why, but helps boot work after
                             68 	; FPGA direct programming
   0100 06 40         [ 7]   69 	ld      B,#0x40
   0102                      70 1$:
   0102 10 FE         [13]   71 	djnz	1$
                             72 
                             73 	;; Set stack pointer
   0104 31 00 80      [10]   74 	ld	sp,#0x8000
                             75 
                             76 	;; Initialise global variables
   0107 CD 00 00      [17]   77 	call	gsinit
                             78 
                             79 	;; Go...
   010A CD 00 00      [17]   80 	call	_main
                             81 
                             82 	;; Should never get here
   010D                      83 2$:
   010D 18 FE         [12]   84 	jr 		2$
                             85 
                             86 	;; Ordering of segments for the linker.
                             87 	.area	_HOME
                             88 	.area	_CODE
                             89 	.area	_INITIALIZER
                             90 	.area   _GSINIT
                             91 	.area   _GSFINAL
                             92 
                             93 	.area	_DATA
                             94 	.area	_INITIALIZED
                             95 	.area	_BSEG
                             96 	.area   _BSS
                             97 	.area   _HEAP
                             98 
                             99 	.area   _CODE
                            100 
                            101 	.area   _GSINIT
   0000                     102 gsinit::
   0000 21 00 00      [10]  103 	ld  hl, #s__DATA
   0003 AF            [ 4]  104 	xor a
   0004 77            [ 7]  105 	ld  (hl),a
   0005 01 FF FF      [10]  106 	ld  bc, #(l__DATA - 1)
   0008 78            [ 4]  107 	ld  a,b
   0009 B1            [ 4]  108 	or  a,c
   000A 28 05         [12]  109 	jr  z, gsinit_1
   000C 11 01 00      [10]  110 	ld  de, #(s__DATA + 1)
ASxxxx Assembler V02.00 + NoICE + SDCC mods  (Zilog Z80 / Hitachi HD64180 / ZX-Next / eZ80), page 3.
Hexadecimal [16-Bits]



   000F ED B0         [21]  111 	ldir
                            112 
   0011                     113 gsinit_1::
   0011 01 00 00      [10]  114 	ld	bc, #l__INITIALIZER
   0014 78            [ 4]  115 	ld  a,b
   0015 B1            [ 4]  116 	or  a,c
   0016 28 08         [12]  117 	jr  z, gsinit_next
   0018 11 00 00      [10]  118 	ld	de, #s__INITIALIZED
   001B 21 00 00      [10]  119 	ld	hl, #s__INITIALIZER
   001E ED B0         [21]  120 	ldir
                            121 
                            122 
   0020                     123 gsinit_next:
                            124 
                            125 	.area   _GSFINAL
   0000 C9            [10]  126 	ret
                            127 
ASxxxx Assembler V02.00 + NoICE + SDCC mods  (Zilog Z80 / Hitachi HD64180 / ZX-Next / eZ80), page 4.
Hexadecimal [16-Bits]

Symbol Table

    .__.$$$.=  2710 L   |     .__.ABS.=  0000 G   |     .__.CPU.=  0000 L
    .__.H$L.=  0000 L   |     _main      **** GX  |     _nmi_han   **** GX
  E gsinit     0000 GR  |   E gsinit_1   0011 GR  |   E gsinit_n   0020 R
  B init       0100 R   |     l__DATA    **** GX  |     l__INITI   **** GX
    s__DATA    **** GX  |     s__INITI   **** GX  |     s__INITI   **** GX

ASxxxx Assembler V02.00 + NoICE + SDCC mods  (Zilog Z80 / Hitachi HD64180 / ZX-Next / eZ80), page 5.
Hexadecimal [16-Bits]

Area Table

   0 _CODE      size    0   flags    0
   1 _HEADER    size    0   flags    8
   2 _HEADER0   size    3   flags    8
   3 _HEADER1   size    2   flags    8
   4 _HEADER2   size    2   flags    8
   5 _HEADER3   size    2   flags    8
   6 _HEADER4   size    2   flags    8
   7 _HEADER5   size    2   flags    8
   8 _HEADER6   size    2   flags    8
   9 _HEADER7   size    2   flags    8
   A _HEADER8   size    3   flags    8
   B _HEADER9   size    F   flags    8
   C _HOME      size    0   flags    0
   D _INITIAL   size    0   flags    0
   E _GSINIT    size   20   flags    0
   F _GSFINAL   size    1   flags    0
  10 _DATA      size    0   flags    0
  11 _INITIAL   size    0   flags    0
  12 _BSEG      size    0   flags    0
  13 _BSS       size    0   flags    0
  14 _HEAP      size    0   flags    0

